{
    "variables": ["x","y"],
    "actions": ["A","B","C","D"],
    "root": {
        "var": "x",
        "bound": 2,
        "low": {
            "var": "y",
            "bound": 3,
            "low": {
                "var": "y",
                "bound": 2,
                "low": {
                    "action": 1
                },
                "high": {
                    "action": 0
                }
            },
            "high": {
                "action": 1
            }
        },
        "high": {
            "var": "x",
            "bound": 4,
            "low": {
                "var": "y",
                "bound": 1,
                "low": {
                    "var": "x",
                    "bound": 3,
                    "low": {
                        "action": 2
                    },
                    "high": {
                        "action": 1
                    }
                },
                "high": {
                    "var": "y",
                    "bound": 4,
                    "low": {
                        "action": 0
                    },
                    "high": {
                        "action": 3
                    }
                }
            },
            "high": {
                "action": 2
            }
        }
    }
}
