{
    "variables": ["x","y"],
    "actions": ["A","B"],
    "root": {
        "var": "y",
        "bound": 2,
        "low": {
            "var": "x",
            "bound": 2,
            "low": {
                "action": 0
            },
            "high": {
                "action": 1
            }
        },
        "high": {
            "action": 1
        }
    }
}
